=== MONITOR START 2026-09-19T08:05:49.820Z ===
0919 08:05:50 SESS: (none) || ACTIVE-STAFF: P7_S0 | t | ACTIVE
P7_S1 | t | ACTIVE
P7_S2 | t | ACTIVE
P7_S3 | t | ACTIVE
P7_S4 | t | ACTIVE
0919 08:05:56 SESS: (none) || ACTIVE-STAFF: P7_S0 | t | ACTIVE
P7_S1 | t | ACTIVE
P7_S2 | t | ACTIVE
P7_S3 | t | ACTIVE
P7_S4 | t | ACTIVE
0919 08:06:00 SESS: (none) || ACTIVE-STAFF: P7_S0 | t | ACTIVE
P7_S1 | t | ACTIVE
P7_S2 | t | ACTIVE
P7_S3 | t | ACTIVE
P7_S4 | t | ACTIVE
0919 08:06:05 SESS: (none) || ACTIVE-STAFF: P7_S0 | t | ACTIVE
P7_S1 | t | ACTIVE
P7_S2 | t | ACTIVE
P7_S3 | t | ACTIVE
P7_S4 | t | ACTIVE
0919 08:06:10 SESS: (none) || ACTIVE-STAFF: P7_S0 | t | ACTIVE
P7_S1 | t | ACTIVE
P7_S2 | t | ACTIVE
P7_S3 | t | ACTIVE
P7_S4 | t | ACTIVE
0919 08:06:14 SESS: (none) || ACTIVE-STAFF: P7_S0 | t | ACTIVE
P7_S1 | t | ACTIVE
P7_S2 | t | ACTIVE
P7_S3 | t | ACTIVE
P7_S4 | t | ACTIVE
0919 08:06:19 SESS: (none) || ACTIVE-STAFF: P7_S0 | t | ACTIVE
P7_S1 | t | ACTIVE
P7_S2 | t | ACTIVE
P7_S3 | t | ACTIVE
P7_S4 | t | ACTIVE
0919 08:06:35 SESS: (none) || ACTIVE-STAFF: P7_S0 | t | ACTIVE
P7_S1 | t | ACTIVE
P7_S2 | t | ACTIVE
P7_S3 | t | ACTIVE
P7_S4 | t | ACTIVE
0919 08:06:39 SESS: (none) || ACTIVE-STAFF: P7_S0 | t | ACTIVE
P7_S1 | t | ACTIVE
P7_S2 | t | ACTIVE
P7_S3 | t | ACTIVE
P7_S4 | t | ACTIVE
0919 08:06:45 SESS: (none) || ACTIVE-STAFF: P7_S0 | t | ACTIVE
P7_S1 | t | ACTIVE
P7_S2 | t | ACTIVE
P7_S3 | t | ACTIVE
P7_S4 | t | ACTIVE
0919 08:06:50 SESS: (none) || ACTIVE-STAFF: P7_S0 | t | ACTIVE
P7_S1 | t | ACTIVE
P7_S2 | t | ACTIVE
P7_S3 | t | ACTIVE
P7_S4 | t | ACTIVE
0919 08:06:54 SESS: (none) || ACTIVE-STAFF: P7_S0 | t | ACTIVE
P7_S1 | t | ACTIVE
P7_S2 | t | ACTIVE
P7_S3 | t | ACTIVE
P7_S4 | t | ACTIVE
0919 08:06:59 SESS: (none) || ACTIVE-STAFF: P7_S0 | t | ACTIVE
P7_S1 | t | ACTIVE
P7_S2 | t | ACTIVE
P7_S3 | t | ACTIVE
P7_S4 | t | ACTIVE
0919 08:07:03 SESS: (none) || ACTIVE-STAFF: P7_S0 | t | ACTIVE
P7_S1 | t | ACTIVE
P7_S2 | t | ACTIVE
P7_S3 | t | ACTIVE
P7_S4 | t | ACTIVE
0919 08:07:08 SESS: (none) || ACTIVE-STAFF: P7_S0 | t | ACTIVE
P7_S1 | t | ACTIVE
P7_S2 | t | ACTIVE
P7_S3 | t | ACTIVE
P7_S4 | t | ACTIVE
0919 08:07:13 SESS: (none) || ACTIVE-STAFF: P7_S0 | t | ACTIVE
P7_S1 | t | ACTIVE
P7_S2 | t | ACTIVE
P7_S3 | t | ACTIVE
P7_S4 | t | ACTIVE
0919 08:07:17 SESS: (none) || ACTIVE-STAFF: P7_S0 | t | ACTIVE
P7_S1 | t | ACTIVE
P7_S2 | t | ACTIVE
P7_S3 | t | ACTIVE
P7_S4 | t | ACTIVE
0919 08:07:22 SESS: (none) || ACTIVE-STAFF: P7_S0 | t | ACTIVE
P7_S1 | t | ACTIVE
P7_S2 | t | ACTIVE
P7_S3 | t | ACTIVE
P7_S4 | t | ACTIVE
0919 08:07:27 SESS: (none) || ACTIVE-STAFF: P7_S0 | t | ACTIVE
P7_S1 | t | ACTIVE
P7_S2 | t | ACTIVE
P7_S3 | t | ACTIVE
P7_S4 | t | ACTIVE
0919 08:07:31 SESS: (none) || ACTIVE-STAFF: P7_S0 | t | ACTIVE
P7_S1 | t | ACTIVE
P7_S2 | t | ACTIVE
P7_S3 | t | ACTIVE
P7_S4 | t | ACTIVE
0919 08:07:36 SESS: (none) || ACTIVE-STAFF: P7_S0 | t | ACTIVE
P7_S1 | t | ACTIVE
P7_S2 | t | ACTIVE
P7_S3 | t | ACTIVE
P7_S4 | t | ACTIVE
0919 08:07:41 SESS: (none) || ACTIVE-STAFF: P7_S0 | t | ACTIVE
P7_S1 | t | ACTIVE
P7_S2 | t | ACTIVE
P7_S3 | t | ACTIVE
P7_S4 | t | ACTIVE
0919 08:07:46 SESS: (none) || ACTIVE-STAFF: P7_S0 | t | ACTIVE
P7_S1 | t | ACTIVE
P7_S2 | t | ACTIVE
P7_S3 | t | ACTIVE
P7_S4 | t | ACTIVE
0919 08:07:50 SESS: (none) || ACTIVE-STAFF: P7_S0 | t | ACTIVE
P7_S1 | t | ACTIVE
P7_S2 | t | ACTIVE
P7_S3 | t | ACTIVE
P7_S4 | t | ACTIVE
0919 08:07:56 SESS: (none) || ACTIVE-STAFF: P7_S0 | t | ACTIVE
P7_S1 | t | ACTIVE
P7_S2 | t | ACTIVE
P7_S3 | t | ACTIVE
P7_S4 | t | ACTIVE
0919 08:08:01 SESS: (none) || ACTIVE-STAFF: P7_S0 | t | ACTIVE
P7_S1 | t | ACTIVE
P7_S2 | t | ACTIVE
P7_S3 | t | ACTIVE
P7_S4 | t | ACTIVE
0919 08:08:06 SESS: (none) || ACTIVE-STAFF: P7_S0 | t | ACTIVE
P7_S1 | t | ACTIVE
P7_S2 | t | ACTIVE
P7_S3 | t | ACTIVE
P7_S4 | t | ACTIVE
0919 08:08:10 SESS: (none) || ACTIVE-STAFF: P7_S0 | t | ACTIVE
P7_S1 | t | ACTIVE
P7_S2 | t | ACTIVE
P7_S3 | t | ACTIVE
P7_S4 | t | ACTIVE
0919 08:08:26 SESS: (none) || ACTIVE-STAFF: P7_S0 | t | ACTIVE
P7_S1 | t | ACTIVE
P7_S2 | t | ACTIVE
P7_S3 | t | ACTIVE
P7_S4 | t | ACTIVE
0919 08:08:31 SESS: (none) || ACTIVE-STAFF: P7_S0 | t | ACTIVE
P7_S1 | t | ACTIVE
P7_S2 | t | ACTIVE
P7_S3 | t | ACTIVE
P7_S4 | t | ACTIVE
0919 08:08:35 SESS: (none) || ACTIVE-STAFF: P7_S0 | t | ACTIVE
P7_S1 | t | ACTIVE
P7_S2 | t | ACTIVE
P7_S3 | t | ACTIVE
P7_S4 | t | ACTIVE
0919 08:08:40 SESS: (none) || ACTIVE-STAFF: P7_S0 | t | ACTIVE
P7_S1 | t | ACTIVE
P7_S2 | t | ACTIVE
P7_S3 | t | ACTIVE
P7_S4 | t | ACTIVE
0919 08:08:45 SESS: (none) || ACTIVE-STAFF: P7_S0 | t | ACTIVE
P7_S1 | t | ACTIVE
P7_S2 | t | ACTIVE
P7_S3 | t | ACTIVE
P7_S4 | t | ACTIVE
0919 08:08:49 SESS: (none) || ACTIVE-STAFF: P7_S0 | t | ACTIVE
P7_S1 | t | ACTIVE
P7_S2 | t | ACTIVE
P7_S3 | t | ACTIVE
P7_S4 | t | ACTIVE
0919 08:08:54 SESS: (none) || ACTIVE-STAFF: P7_S0 | t | ACTIVE
P7_S1 | t | ACTIVE
P7_S2 | t | ACTIVE
P7_S3 | t | ACTIVE
P7_S4 | t | ACTIVE
0919 08:08:59 SESS: (none) || ACTIVE-STAFF: P7_S0 | t | ACTIVE
P7_S1 | t | ACTIVE
P7_S2 | t | ACTIVE
P7_S3 | t | ACTIVE
P7_S4 | t | ACTIVE
0919 08:09:03 SESS: (none) || ACTIVE-STAFF: P7_S0 | t | ACTIVE
P7_S1 | t | ACTIVE
P7_S2 | t | ACTIVE
P7_S3 | t | ACTIVE
P7_S4 | t | ACTIVE
0919 08:09:08 SESS: (none) || ACTIVE-STAFF: P7_S0 | t | ACTIVE
P7_S1 | t | ACTIVE
P7_S2 | t | ACTIVE
P7_S3 | t | ACTIVE
P7_S4 | t | ACTIVE
0919 08:09:12 SESS: (none) || ACTIVE-STAFF: P7_S0 | t | ACTIVE
P7_S1 | t | ACTIVE
P7_S2 | t | ACTIVE
P7_S3 | t | ACTIVE
P7_S4 | t | ACTIVE
0919 08:09:17 SESS: (none) || ACTIVE-STAFF: P7_S0 | t | ACTIVE
P7_S1 | t | ACTIVE
P7_S2 | t | ACTIVE
P7_S3 | t | ACTIVE
P7_S4 | t | ACTIVE
0919 08:09:22 SESS: (none) || ACTIVE-STAFF: P7_S0 | t | ACTIVE
P7_S1 | t | ACTIVE
P7_S2 | t | ACTIVE
P7_S3 | t | ACTIVE
P7_S4 | t | ACTIVE
0919 08:09:26 SESS: (none) || ACTIVE-STAFF: P7_S0 | t | ACTIVE
P7_S1 | t | ACTIVE
P7_S2 | t | ACTIVE
P7_S3 | t | ACTIVE
P7_S4 | t | ACTIVE
0919 08:09:31 SESS: (none) || ACTIVE-STAFF: P7_S0 | t | ACTIVE
P7_S1 | t | ACTIVE
P7_S2 | t | ACTIVE
P7_S3 | t | ACTIVE
P7_S4 | t | ACTIVE
0919 08:09:36 SESS: (none) || ACTIVE-STAFF: P7_S0 | t | ACTIVE
P7_S1 | t | ACTIVE
P7_S2 | t | ACTIVE
P7_S3 | t | ACTIVE
P7_S4 | t | ACTIVE
0919 08:09:40 SESS: (none) || ACTIVE-STAFF: P7_S0 | t | ACTIVE
P7_S1 | t | ACTIVE
P7_S2 | t | ACTIVE
P7_S3 | t | ACTIVE
P7_S4 | t | ACTIVE
0919 08:09:45 SESS: (none) || ACTIVE-STAFF: P7_S0 | t | ACTIVE
P7_S1 | t | ACTIVE
P7_S2 | t | ACTIVE
P7_S3 | t | ACTIVE
P7_S4 | t | ACTIVE
0919 08:09:49 SESS: (none) || ACTIVE-STAFF: P7_S0 | t | ACTIVE
P7_S1 | t | ACTIVE
P7_S2 | t | ACTIVE
P7_S3 | t | ACTIVE
P7_S4 | t | ACTIVE
0919 08:09:54 SESS: (none) || ACTIVE-STAFF: P7_S0 | t | ACTIVE
P7_S1 | t | ACTIVE
P7_S2 | t | ACTIVE
P7_S3 | t | ACTIVE
P7_S4 | t | ACTIVE
0919 08:09:59 SESS: (none) || ACTIVE-STAFF: P7_S0 | t | ACTIVE
P7_S1 | t | ACTIVE
P7_S2 | t | ACTIVE
P7_S3 | t | ACTIVE
P7_S4 | t | ACTIVE
0919 08:10:03 SESS: (none) || ACTIVE-STAFF: P7_S0 | t | ACTIVE
P7_S1 | t | ACTIVE
P7_S2 | t | ACTIVE
P7_S3 | t | ACTIVE
P7_S4 | t | ACTIVE
0919 08:10:08 SESS: (none) || ACTIVE-STAFF: P7_S0 | t | ACTIVE
P7_S1 | t | ACTIVE
P7_S2 | t | ACTIVE
P7_S3 | t | ACTIVE
P7_S4 | t | ACTIVE
0919 08:10:13 SESS: (none) || ACTIVE-STAFF: P7_S0 | t | ACTIVE
P7_S1 | t | ACTIVE
P7_S2 | t | ACTIVE
P7_S3 | t | ACTIVE
P7_S4 | t | ACTIVE
0919 08:10:21 SESS: (none) || ACTIVE-STAFF: P7_S0 | t | ACTIVE
P7_S1 | t | ACTIVE
P7_S2 | t | ACTIVE
P7_S3 | t | ACTIVE
P7_S4 | t | ACTIVE
0919 08:10:25 SESS: (none) || ACTIVE-STAFF: P7_S0 | t | ACTIVE
P7_S1 | t | ACTIVE
P7_S2 | t | ACTIVE
P7_S3 | t | ACTIVE
P7_S4 | t | ACTIVE
0919 08:10:30 SESS: (none) || ACTIVE-STAFF: P7_S0 | t | ACTIVE
P7_S1 | t | ACTIVE
P7_S2 | t | ACTIVE
P7_S3 | t | ACTIVE
P7_S4 | t | ACTIVE
0919 08:10:35 SESS: (none) || ACTIVE-STAFF: P7_S0 | t | ACTIVE
P7_S1 | t | ACTIVE
P7_S2 | t | ACTIVE
P7_S3 | t | ACTIVE
P7_S4 | t | ACTIVE
0919 08:10:39 SESS: (none) || ACTIVE-STAFF: P7_S0 | t | ACTIVE
P7_S1 | t | ACTIVE
P7_S2 | t | ACTIVE
P7_S3 | t | ACTIVE
P7_S4 | t | ACTIVE
0919 08:10:44 SESS: (none) || ACTIVE-STAFF: P7_S0 | t | ACTIVE
P7_S1 | t | ACTIVE
P7_S2 | t | ACTIVE
P7_S3 | t | ACTIVE
P7_S4 | t | ACTIVE
0919 08:10:48 SESS: (none) || ACTIVE-STAFF: P7_S0 | t | ACTIVE
P7_S1 | t | ACTIVE
P7_S2 | t | ACTIVE
P7_S3 | t | ACTIVE
P7_S4 | t | ACTIVE
0919 08:10:53 SESS: (none) || ACTIVE-STAFF: P7_S0 | t | ACTIVE
P7_S1 | t | ACTIVE
P7_S2 | t | ACTIVE
P7_S3 | t | ACTIVE
P7_S4 | t | ACTIVE
0919 08:10:59 SESS: (none) || ACTIVE-STAFF: P7_S0 | t | ACTIVE
P7_S1 | t | ACTIVE
P7_S2 | t | ACTIVE
P7_S3 | t | ACTIVE
P7_S4 | t | ACTIVE
=== MONITOR START 2026-09-19T08:25:40.703Z ===
0919 08:25:41 SESS: P7_S0 | ACTIVE | -
P7_S1 | ACTIVE | -
P7_S2 | ACTIVE | -
P7_S3 | ACTIVE | -
P7_S4 | ACTIVE | - || ACTIVE-STAFF: P7_S0 | t | ACTIVE
P7_S1 | t | ACTIVE
P7_S2 | t | ACTIVE
P7_S3 | t | ACTIVE
P7_S4 | t | ACTIVE
0919 08:25:46 SESS: P7_S0 | ACTIVE | -
P7_S1 | ACTIVE | -
P7_S2 | ACTIVE | -
P7_S3 | ACTIVE | -
P7_S4 | ACTIVE | - || ACTIVE-STAFF: P7_S0 | t | ACTIVE
P7_S1 | t | ACTIVE
P7_S2 | t | ACTIVE
P7_S3 | t | ACTIVE
P7_S4 | t | ACTIVE
0919 08:25:50 SESS: P7_S0 | ACTIVE | -
P7_S1 | ACTIVE | -
P7_S2 | ACTIVE | -
P7_S3 | ACTIVE | -
P7_S4 | ACTIVE | - || ACTIVE-STAFF: P7_S0 | t | ACTIVE
P7_S1 | t | ACTIVE
P7_S2 | t | ACTIVE
P7_S3 | t | ACTIVE
P7_S4 | t | ACTIVE
0919 08:25:55 SESS: P7_S0 | ACTIVE | -
P7_S1 | ACTIVE | -
P7_S2 | ACTIVE | -
P7_S3 | ACTIVE | -
P7_S4 | ACTIVE | - || ACTIVE-STAFF: P7_S0 | t | ACTIVE
P7_S1 | t | ACTIVE
P7_S2 | t | ACTIVE
P7_S3 | t | ACTIVE
P7_S4 | t | ACTIVE
0919 08:26:00 SESS: P7_S0 | ACTIVE | -
P7_S1 | ACTIVE | -
P7_S2 | ACTIVE | -
P7_S3 | ACTIVE | -
P7_S4 | ACTIVE | - || ACTIVE-STAFF: P7_S0 | t | ACTIVE
P7_S1 | t | ACTIVE
P7_S2 | t | ACTIVE
P7_S3 | t | ACTIVE
P7_S4 | t | ACTIVE
0919 08:26:05 SESS: P7_S0 | ACTIVE | -
P7_S1 | ACTIVE | -
P7_S2 | ACTIVE | -
P7_S3 | ACTIVE | -
P7_S4 | ACTIVE | - || ACTIVE-STAFF: P7_S0 | t | ACTIVE
P7_S1 | t | ACTIVE
P7_S2 | t | ACTIVE
P7_S3 | t | ACTIVE
P7_S4 | t | ACTIVE
0919 08:26:10 SESS: P7_S0 | ACTIVE | -
P7_S1 | ACTIVE | -
P7_S2 | ACTIVE | -
P7_S3 | ACTIVE | -
P7_S4 | ACTIVE | - || ACTIVE-STAFF: P7_S0 | t | ACTIVE
P7_S1 | t | ACTIVE
P7_S2 | t | ACTIVE
P7_S3 | t | ACTIVE
P7_S4 | t | ACTIVE
0919 08:26:14 SESS: P7_S0 | ACTIVE | -
P7_S1 | ACTIVE | -
P7_S2 | ACTIVE | -
P7_S3 | ACTIVE | -
P7_S4 | ACTIVE | - || ACTIVE-STAFF: P7_S0 | t | ACTIVE
P7_S1 | t | ACTIVE
P7_S2 | t | ACTIVE
P7_S3 | t | ACTIVE
P7_S4 | t | ACTIVE
0919 08:26:19 SESS: P7_S0 | ACTIVE | -
P7_S1 | ACTIVE | -
P7_S2 | ACTIVE | -
P7_S3 | ACTIVE | -
P7_S4 | ACTIVE | - || ACTIVE-STAFF: P7_S0 | t | ACTIVE
P7_S1 | t | ACTIVE
P7_S2 | t | ACTIVE
P7_S3 | t | ACTIVE
P7_S4 | t | ACTIVE
0919 08:26:24 SESS: P7_S0 | ACTIVE | -
P7_S1 | ACTIVE | -
P7_S2 | ACTIVE | -
P7_S3 | ACTIVE | -
P7_S4 | ACTIVE | - || ACTIVE-STAFF: P7_S0 | t | ACTIVE
P7_S1 | t | ACTIVE
P7_S2 | t | ACTIVE
P7_S3 | t | ACTIVE
P7_S4 | t | ACTIVE
0919 08:26:28 SESS: P7_S0 | ACTIVE | -
P7_S1 | ACTIVE | -
P7_S2 | ACTIVE | -
P7_S3 | ACTIVE | -
P7_S4 | ACTIVE | - || ACTIVE-STAFF: P7_S0 | t | ACTIVE
P7_S1 | t | ACTIVE
P7_S2 | t | ACTIVE
P7_S3 | t | ACTIVE
P7_S4 | t | ACTIVE
0919 08:26:33 SESS: P7_S0 | ACTIVE | -
P7_S1 | ACTIVE | -
P7_S2 | ACTIVE | -
P7_S3 | ACTIVE | -
P7_S4 | ACTIVE | - || ACTIVE-STAFF: P7_S0 | t | ACTIVE
P7_S1 | t | ACTIVE
P7_S2 | t | ACTIVE
P7_S3 | t | ACTIVE
P7_S4 | t | ACTIVE
0919 08:26:37 SESS: P7_S0 | ACTIVE | -
P7_S1 | ACTIVE | -
P7_S2 | ACTIVE | -
P7_S3 | ACTIVE | -
P7_S4 | ACTIVE | - || ACTIVE-STAFF: P7_S0 | t | ACTIVE
P7_S1 | t | ACTIVE
P7_S2 | t | ACTIVE
P7_S3 | t | ACTIVE
P7_S4 | t | ACTIVE
0919 08:26:42 SESS: P7_S0 | ACTIVE | -
P7_S1 | ACTIVE | -
P7_S2 | ACTIVE | -
P7_S3 | ACTIVE | -
P7_S4 | ACTIVE | - || ACTIVE-STAFF: P7_S0 | t | ACTIVE
P7_S1 | t | ACTIVE
P7_S2 | t | ACTIVE
P7_S3 | t | ACTIVE
P7_S4 | t | ACTIVE
0919 08:27:06 SESS: P7_S0 | ACTIVE | -
P7_S1 | ACTIVE | -
P7_S2 | ACTIVE | -
P7_S3 | ACTIVE | -
P7_S4 | ACTIVE | - || ACTIVE-STAFF: P7_S0 | t | ACTIVE
P7_S1 | t | ACTIVE
P7_S2 | t | ACTIVE
P7_S3 | t | ACTIVE
P7_S4 | t | ACTIVE
0919 08:27:10 SESS: P7_S0 | ACTIVE | -
P7_S1 | ACTIVE | -
P7_S2 | ACTIVE | -
P7_S3 | ACTIVE | -
P7_S4 | ACTIVE | - || ACTIVE-STAFF: P7_S0 | t | ACTIVE
P7_S1 | t | ACTIVE
P7_S2 | t | ACTIVE
P7_S3 | t | ACTIVE
P7_S4 | t | ACTIVE
0919 08:27:15 SESS: P7_S0 | ACTIVE | -
P7_S1 | ACTIVE | -
P7_S2 | ACTIVE | -
P7_S3 | ACTIVE | -
P7_S4 | ACTIVE | - || ACTIVE-STAFF: P7_S0 | t | ACTIVE
P7_S1 | t | ACTIVE
P7_S2 | t | ACTIVE
P7_S3 | t | ACTIVE
P7_S4 | t | ACTIVE
0919 08:27:20 SESS: P7_S0 | ACTIVE | -
P7_S1 | ACTIVE | -
P7_S2 | ACTIVE | -
P7_S3 | ACTIVE | -
P7_S4 | ACTIVE | - || ACTIVE-STAFF: P7_S0 | t | ACTIVE
P7_S1 | t | ACTIVE
P7_S2 | t | ACTIVE
P7_S3 | t | ACTIVE
P7_S4 | t | ACTIVE
0919 08:27:24 SESS: P7_S0 | ACTIVE | -
P7_S1 | ACTIVE | -
P7_S2 | ACTIVE | -
P7_S3 | ACTIVE | -
P7_S4 | ACTIVE | - || ACTIVE-STAFF: P7_S0 | t | ACTIVE
P7_S1 | t | ACTIVE
P7_S2 | t | ACTIVE
P7_S3 | t | ACTIVE
P7_S4 | t | ACTIVE
0919 08:27:40 SESS: P7_S0 | ACTIVE | -
P7_S1 | ACTIVE | -
P7_S2 | ACTIVE | -
P7_S3 | ACTIVE | -
P7_S4 | ACTIVE | - || ACTIVE-STAFF: P7_S0 | t | ACTIVE
P7_S1 | t | ACTIVE
P7_S2 | t | ACTIVE
P7_S3 | t | ACTIVE
P7_S4 | t | ACTIVE
0919 08:27:44 SESS: P7_S0 | ACTIVE | -
P7_S1 | ACTIVE | -
P7_S2 | ACTIVE | -
P7_S3 | ACTIVE | -
P7_S4 | ACTIVE | - || ACTIVE-STAFF: P7_S0 | t | ACTIVE
P7_S1 | t | ACTIVE
P7_S2 | t | ACTIVE
P7_S3 | t | ACTIVE
P7_S4 | t | ACTIVE
0919 08:27:49 SESS: P7_S0 | ACTIVE | -
P7_S1 | ACTIVE | -
P7_S2 | ACTIVE | -
P7_S3 | ACTIVE | -
P7_S4 | ACTIVE | - || ACTIVE-STAFF: P7_S0 | t | ACTIVE
P7_S1 | t | ACTIVE
P7_S2 | t | ACTIVE
P7_S3 | t | ACTIVE
P7_S4 | t | ACTIVE
0919 08:27:55 SESS: P7_S0 | ACTIVE | -
P7_S1 | ACTIVE | -
P7_S2 | ACTIVE | -
P7_S3 | ACTIVE | -
P7_S4 | ACTIVE | - || ACTIVE-STAFF: P7_S0 | t | ACTIVE
P7_S1 | t | ACTIVE
P7_S2 | t | ACTIVE
P7_S3 | t | ACTIVE
P7_S4 | t | ACTIVE
0919 08:28:02 SESS: P7_S0 | ACTIVE | -
P7_S1 | ACTIVE | -
P7_S2 | ACTIVE | -
P7_S3 | ACTIVE | -
P7_S4 | ACTIVE | - || ACTIVE-STAFF: P7_S0 | t | ACTIVE
P7_S1 | t | ACTIVE
P7_S2 | t | ACTIVE
P7_S3 | t | ACTIVE
P7_S4 | t | ACTIVE
0919 08:28:07 SESS: P7_S0 | ACTIVE | -
P7_S1 | ACTIVE | -
P7_S2 | ACTIVE | -
P7_S3 | ACTIVE | -
P7_S4 | ACTIVE | - || ACTIVE-STAFF: P7_S0 | t | ACTIVE
P7_S1 | t | ACTIVE
P7_S2 | t | ACTIVE
P7_S3 | t | ACTIVE
P7_S4 | t | ACTIVE
0919 08:28:12 SESS: P7_S0 | ACTIVE | -
P7_S1 | ACTIVE | -
P7_S2 | ACTIVE | -
P7_S3 | ACTIVE | -
P7_S4 | ACTIVE | - || ACTIVE-STAFF: P7_S0 | t | ACTIVE
P7_S1 | t | ACTIVE
P7_S2 | t | ACTIVE
P7_S3 | t | ACTIVE
P7_S4 | t | ACTIVE
0919 08:28:16 SESS: P7_S0 | ACTIVE | -
P7_S1 | ACTIVE | -
P7_S2 | ACTIVE | -
P7_S3 | ACTIVE | -
P7_S4 | ACTIVE | - || ACTIVE-STAFF: P7_S0 | t | ACTIVE
P7_S1 | t | ACTIVE
P7_S2 | t | ACTIVE
P7_S3 | t | ACTIVE
P7_S4 | t | ACTIVE
0919 08:28:21 SESS: P7_S0 | ACTIVE | -
P7_S1 | ACTIVE | -
P7_S2 | ACTIVE | -
P7_S3 | ACTIVE | -
P7_S4 | ACTIVE | - || ACTIVE-STAFF: P7_S0 | t | ACTIVE
P7_S1 | t | ACTIVE
P7_S2 | t | ACTIVE
P7_S3 | t | ACTIVE
P7_S4 | t | ACTIVE
0919 08:28:26 SESS: P7_S0 | ACTIVE | -
P7_S1 | ACTIVE | -
P7_S2 | ACTIVE | -
P7_S3 | ACTIVE | -
P7_S4 | ACTIVE | - || ACTIVE-STAFF: P7_S0 | t | ACTIVE
P7_S1 | t | ACTIVE
P7_S2 | t | ACTIVE
P7_S3 | t | ACTIVE
P7_S4 | t | ACTIVE
0919 08:28:31 SESS: P7_S0 | ACTIVE | -
P7_S1 | ACTIVE | -
P7_S2 | ACTIVE | -
P7_S3 | ACTIVE | -
P7_S4 | ACTIVE | - || ACTIVE-STAFF: P7_S0 | t | ACTIVE
P7_S1 | t | ACTIVE
P7_S2 | t | ACTIVE
P7_S3 | t | ACTIVE
P7_S4 | t | ACTIVE
0919 08:28:35 SESS: P7_S0 | ACTIVE | -
P7_S1 | ACTIVE | -
P7_S2 | ACTIVE | -
P7_S3 | ACTIVE | -
P7_S4 | ACTIVE | - || ACTIVE-STAFF: P7_S0 | t | ACTIVE
P7_S1 | t | ACTIVE
P7_S2 | t | ACTIVE
P7_S3 | t | ACTIVE
P7_S4 | t | ACTIVE
0919 08:28:40 SESS: P7_S0 | ACTIVE | -
P7_S1 | ACTIVE | -
P7_S2 | ACTIVE | -
P7_S3 | ACTIVE | -
P7_S4 | ACTIVE | - || ACTIVE-STAFF: P7_S0 | t | ACTIVE
P7_S1 | t | ACTIVE
P7_S2 | t | ACTIVE
P7_S3 | t | ACTIVE
P7_S4 | t | ACTIVE
0919 08:28:44 SESS: P7_S0 | ACTIVE | -
P7_S1 | ACTIVE | -
P7_S2 | ACTIVE | -
P7_S3 | ACTIVE | -
P7_S4 | ACTIVE | - || ACTIVE-STAFF: P7_S0 | t | ACTIVE
P7_S1 | t | ACTIVE
P7_S2 | t | ACTIVE
P7_S3 | t | ACTIVE
P7_S4 | t | ACTIVE
0919 08:28:49 SESS: P7_S0 | ACTIVE | -
P7_S1 | ACTIVE | -
P7_S2 | ACTIVE | -
P7_S3 | ACTIVE | -
P7_S4 | ACTIVE | - || ACTIVE-STAFF: P7_S0 | t | ACTIVE
P7_S1 | t | ACTIVE
P7_S2 | t | ACTIVE
P7_S3 | t | ACTIVE
P7_S4 | t | ACTIVE
0919 08:28:54 SESS: P7_S0 | ACTIVE | -
P7_S1 | ACTIVE | -
P7_S2 | ACTIVE | -
P7_S3 | ACTIVE | -
P7_S4 | ACTIVE | - || ACTIVE-STAFF: P7_S0 | t | ACTIVE
P7_S1 | t | ACTIVE
P7_S2 | t | ACTIVE
P7_S3 | t | ACTIVE
P7_S4 | t | ACTIVE
0919 08:28:58 SESS: P7_S0 | ACTIVE | -
P7_S1 | ACTIVE | -
P7_S2 | ACTIVE | -
P7_S3 | ACTIVE | -
P7_S4 | ACTIVE | - || ACTIVE-STAFF: P7_S0 | t | ACTIVE
P7_S1 | t | ACTIVE
P7_S2 | t | ACTIVE
P7_S3 | t | ACTIVE
P7_S4 | t | ACTIVE
0919 08:29:03 SESS: P7_S0 | ACTIVE | -
P7_S1 | ACTIVE | -
P7_S2 | ACTIVE | -
P7_S3 | ACTIVE | -
P7_S4 | ACTIVE | - || ACTIVE-STAFF: P7_S0 | t | ACTIVE
P7_S1 | t | ACTIVE
P7_S2 | t | ACTIVE
P7_S3 | t | ACTIVE
P7_S4 | t | ACTIVE
0919 08:29:08 SESS: P7_S0 | ACTIVE | -
P7_S1 | ACTIVE | -
P7_S2 | ACTIVE | -
P7_S3 | ACTIVE | -
P7_S4 | ACTIVE | - || ACTIVE-STAFF: P7_S0 | t | ACTIVE
P7_S1 | t | ACTIVE
P7_S2 | t | ACTIVE
P7_S3 | t | ACTIVE
P7_S4 | t | ACTIVE
0919 08:29:23 SESS: P7_S0 | ACTIVE | -
P7_S1 | ACTIVE | -
P7_S2 | ACTIVE | -
P7_S3 | ACTIVE | -
P7_S4 | ACTIVE | - || ACTIVE-STAFF: P7_S0 | t | ACTIVE
P7_S1 | t | ACTIVE
P7_S2 | t | ACTIVE
P7_S3 | t | ACTIVE
P7_S4 | t | ACTIVE
0919 08:29:28 SESS: P7_S0 | ACTIVE | -
P7_S1 | ACTIVE | -
P7_S2 | ACTIVE | -
P7_S3 | ACTIVE | -
P7_S4 | ACTIVE | - || ACTIVE-STAFF: P7_S0 | t | ACTIVE
P7_S1 | t | ACTIVE
P7_S2 | t | ACTIVE
P7_S3 | t | ACTIVE
P7_S4 | t | ACTIVE
0919 08:29:52 SESS: P7_S0 | ACTIVE | -
P7_S1 | ACTIVE | -
P7_S2 | ACTIVE | -
P7_S3 | ACTIVE | -
P7_S4 | ACTIVE | - || ACTIVE-STAFF: P7_S0 | t | ACTIVE
P7_S1 | t | ACTIVE
P7_S2 | t | ACTIVE
P7_S3 | t | ACTIVE
P7_S4 | t | ACTIVE
0919 08:29:57 SESS: P7_S0 | ACTIVE | -
P7_S1 | ACTIVE | -
P7_S2 | ACTIVE | -
P7_S3 | ACTIVE | -
P7_S4 | ACTIVE | - || ACTIVE-STAFF: P7_S0 | t | ACTIVE
P7_S1 | t | ACTIVE
P7_S2 | t | ACTIVE
P7_S3 | t | ACTIVE
P7_S4 | t | ACTIVE
0919 08:30:12 SESS: P7_S0 | ACTIVE | -
P7_S1 | ACTIVE | -
P7_S2 | ACTIVE | -
P7_S3 | ACTIVE | -
P7_S4 | ACTIVE | - || ACTIVE-STAFF: P7_S0 | t | ACTIVE
P7_S1 | t | ACTIVE
P7_S2 | t | ACTIVE
P7_S3 | t | ACTIVE
P7_S4 | t | ACTIVE
0919 08:30:17 SESS: P7_S0 | ACTIVE | -
P7_S1 | ACTIVE | -
P7_S2 | ACTIVE | -
P7_S3 | ACTIVE | -
P7_S4 | ACTIVE | - || ACTIVE-STAFF: P7_S0 | t | ACTIVE
P7_S1 | t | ACTIVE
P7_S2 | t | ACTIVE
P7_S3 | t | ACTIVE
P7_S4 | t | ACTIVE
0919 08:30:22 SESS: P7_S0 | ACTIVE | -
P7_S1 | ACTIVE | -
P7_S2 | ACTIVE | -
P7_S3 | ACTIVE | -
P7_S4 | ACTIVE | - || ACTIVE-STAFF: P7_S0 | t | ACTIVE
P7_S1 | t | ACTIVE
P7_S2 | t | ACTIVE
P7_S3 | t | ACTIVE
P7_S4 | t | ACTIVE
0919 08:30:28 SESS: P7_S0 | ACTIVE | -
P7_S1 | ACTIVE | -
P7_S2 | ACTIVE | -
P7_S3 | ACTIVE | -
P7_S4 | ACTIVE | - || ACTIVE-STAFF: P7_S0 | t | ACTIVE
P7_S1 | t | ACTIVE
P7_S2 | t | ACTIVE
P7_S3 | t | ACTIVE
P7_S4 | t | ACTIVE
0919 08:30:32 SESS: P7_S0 | ACTIVE | -
P7_S1 | ACTIVE | -
P7_S2 | ACTIVE | -
P7_S3 | ACTIVE | -
P7_S4 | ACTIVE | - || ACTIVE-STAFF: P7_S0 | t | ACTIVE
P7_S1 | t | ACTIVE
P7_S2 | t | ACTIVE
P7_S3 | t | ACTIVE
P7_S4 | t | ACTIVE
0919 08:30:38 SESS: P7_S0 | ACTIVE | -
P7_S1 | ACTIVE | -
P7_S2 | ACTIVE | -
P7_S3 | ACTIVE | -
P7_S4 | ACTIVE | - || ACTIVE-STAFF: P7_S0 | t | ACTIVE
P7_S1 | t | ACTIVE
P7_S2 | t | ACTIVE
P7_S3 | t | ACTIVE
P7_S4 | t | ACTIVE
0919 08:30:43 SESS: P7_S0 | ACTIVE | -
P7_S1 | ACTIVE | -
P7_S2 | ACTIVE | -
P7_S3 | ACTIVE | -
P7_S4 | ACTIVE | - || ACTIVE-STAFF: P7_S0 | t | ACTIVE
P7_S1 | t | ACTIVE
P7_S2 | t | ACTIVE
P7_S3 | t | ACTIVE
P7_S4 | t | ACTIVE
0919 08:30:47 SESS: P7_S0 | ACTIVE | -
P7_S1 | ACTIVE | -
P7_S2 | ACTIVE | -
P7_S3 | ACTIVE | -
P7_S4 | ACTIVE | - || ACTIVE-STAFF: P7_S0 | t | ACTIVE
P7_S1 | t | ACTIVE
P7_S2 | t | ACTIVE
P7_S3 | t | ACTIVE
P7_S4 | t | ACTIVE
0919 08:30:52 SESS: P7_S0 | ACTIVE | -
P7_S1 | ACTIVE | -
P7_S2 | ACTIVE | -
P7_S3 | ACTIVE | -
P7_S4 | ACTIVE | - || ACTIVE-STAFF: P7_S0 | t | ACTIVE
P7_S1 | t | ACTIVE
P7_S2 | t | ACTIVE
P7_S3 | t | ACTIVE
P7_S4 | t | ACTIVE
0919 08:30:56 SESS: P7_S0 | ACTIVE | -
P7_S1 | ACTIVE | -
P7_S2 | ACTIVE | -
P7_S3 | ACTIVE | -
P7_S4 | ACTIVE | - || ACTIVE-STAFF: (none)
