=== REFLOW2 START A 21:45:29 ===
=== REFLOW2 A EXIT=0 21:48:14 ===
===== AUDIT (§9) =====
===== CONCURRENCY (§13) =====
===== CLEANUP =====
========== A-MODULE REGRESSION REPORT v2 ==========
TOTAL 39 | PASS 39 | FAIL 0 | critical-area FAIL 0
===================================================
=== REFLOW2 START O 21:48:14 ===
=== REFLOW2 O EXIT=0 21:49:18 ===
===== O GATE: 38/38 PASS =====
=== REFLOW2 START KL3 21:49:18 ===
=== REFLOW2 KL3 EXIT=0 21:51:18 ===
=== REFLOW2 START KL4 21:51:18 ===
=== REFLOW2 KL4 EXIT=0 21:53:51 ===
=== REFLOW2 START P1 21:53:51 ===
=== REFLOW2 P1 EXIT=0 21:54:51 ===
==== P-1 GATE: 29/29 PASS ====
=== REFLOW2 START P2 21:54:51 ===
=== REFLOW2 P2 EXIT=0 21:55:20 ===
===== P2 STATE GATE: 13/13 PASS =====
=== REFLOW2 START P3 21:55:20 ===
=== REFLOW2 P3 EXIT=0 21:57:27 ===
===== P3 GATE: 25/25 PASS =====
=== REFLOW2 START P4 21:57:27 ===
=== REFLOW2 P4 EXIT=0 22:00:40 ===
==== P-4 GATE: 19/19 PASS (ALL GREEN) ====
=== REFLOW2 START P5 22:00:40 ===
=== REFLOW2 P5 EXIT=0 22:01:44 ===
==== P-5 GATE: 10/10 PASS (ALL GREEN) ====
=== REFLOW2 START P6 22:01:44 ===
=== REFLOW2 P6 EXIT=0 22:04:20 ===
==== P-6 GATE: 15/15 PASS (ALL GREEN) ====
=== REFLOW2 START P7 22:04:20 ===
=== REFLOW2 P7 EXIT=0 22:09:20 ===
P-7 GATE SUMMARY (half 1): PASS=9 EXPECTED-CONFLICT=7 REAL-RISK=0 HARNESS-FAILURE=0
=== REFLOW2 COMPLETE 22:09:20 ===
